PROCEDURE ReturnArray.foo
# Before canonicalization (trees):
MOVE(
 TEMP t.1,
 CONST 3),
MOVE(
 TEMP t.0,
 CONST 0),
BGE(
 TEMP t.0,
 TEMP t.1,
 L.2, L.1),
LABEL L.1,
MOVE(
 MEM(
  ADD(
   TEMP %rbp,
   MUL(
    TEMP t.0,
    CONST 8)), 
  CONST -32, 8),
 CONST 0),
MOVE(
 TEMP t.0,
 ADD(
  TEMP t.0,
  CONST 1)),
BLT(
 TEMP t.0,
 TEMP t.1,
 L.1, L.2),
LABEL L.2,
MOVE(
 TEMP t.2,
 CONST 0),
MOVE(
 TEMP t.3,
 CONST 2),
MOVE(
 TEMP t.4,
 CONST 1),
LABEL L.3,
MOVE(
 TEMP ReturnArray.foo.1.1.i,
 TEMP t.2),
MOVE(
 MEM(
  ADD(
   TEMP %rbp,
   ADD(
    CONST -32,
    MUL(
     TEMP ReturnArray.foo.1.1.i,
     CONST 8))), 
  CONST 0, 8),
 TEMP ReturnArray.foo.1.1.i),
MOVE(
 TEMP t.2,
 ADD(
  TEMP t.2,
  TEMP t.4)),
LABEL L.4,
BLE(
 TEMP t.2,
 TEMP t.3,
 L.3, L.5),
LABEL L.5,
MOVE(
 TEMP t.5,
 MEM(
  TEMP %rbp, 
  CONST -8, 8)),
EXP(
 CALL(
  NAME memmove,
  CONST 0,
  TEMP t.5,
  ADD(
   TEMP %rbp,
   CONST -32),
  CONST 24)),
MOVE(
 TEMP %rax,
 TEMP t.5),
JUMP(
 NAME L.0),
LABEL L.0
# After canonicalization (trees):
MOVE(
 TEMP t.1,
 CONST 3)
MOVE(
 TEMP t.0,
 CONST 0)
BGE(
 TEMP t.0,
 TEMP t.1,
 L.2, L.1)
LABEL L.1
MOVE(
 MEM(
  ADD(
   TEMP %rbp,
   MUL(
    TEMP t.0,
    CONST 8)), 
  CONST -32, 8),
 CONST 0)
MOVE(
 TEMP t.0,
 ADD(
  TEMP t.0,
  CONST 1))
BLT(
 TEMP t.0,
 TEMP t.1,
 L.1, L.2)
LABEL L.2
MOVE(
 TEMP t.2,
 CONST 0)
MOVE(
 TEMP t.3,
 CONST 2)
MOVE(
 TEMP t.4,
 CONST 1)
LABEL L.3
MOVE(
 TEMP ReturnArray.foo.1.1.i,
 TEMP t.2)
MOVE(
 MEM(
  ADD(
   TEMP %rbp,
   ADD(
    CONST -32,
    MUL(
     TEMP ReturnArray.foo.1.1.i,
     CONST 8))), 
  CONST 0, 8),
 TEMP ReturnArray.foo.1.1.i)
MOVE(
 TEMP t.2,
 ADD(
  TEMP t.2,
  TEMP t.4))
LABEL L.4
BLE(
 TEMP t.2,
 TEMP t.3,
 L.3, L.5)
LABEL L.5
MOVE(
 TEMP t.5,
 MEM(
  TEMP %rbp, 
  CONST -8, 8))
EXP(
 CALL(
  NAME memmove,
  CONST 0,
  TEMP t.5,
  ADD(
   TEMP %rbp,
   CONST -32),
  CONST 24))
MOVE(
 TEMP %rax,
 TEMP t.5)
JUMP(
 NAME L.0)
LABEL L.0
# Basic Blocks:
LABEL L.10
MOVE(
 TEMP t.1,
 CONST 3)
MOVE(
 TEMP t.0,
 CONST 0)
BGE(
 TEMP t.0,
 TEMP t.1,
 L.2, L.1)
LABEL L.1
MOVE(
 MEM(
  ADD(
   TEMP %rbp,
   MUL(
    TEMP t.0,
    CONST 8)), 
  CONST -32, 8),
 CONST 0)
MOVE(
 TEMP t.0,
 ADD(
  TEMP t.0,
  CONST 1))
BLT(
 TEMP t.0,
 TEMP t.1,
 L.1, L.2)
LABEL L.2
MOVE(
 TEMP t.2,
 CONST 0)
MOVE(
 TEMP t.3,
 CONST 2)
MOVE(
 TEMP t.4,
 CONST 1)
JUMP(
 NAME L.3)
LABEL L.3
MOVE(
 TEMP ReturnArray.foo.1.1.i,
 TEMP t.2)
MOVE(
 MEM(
  ADD(
   TEMP %rbp,
   ADD(
    CONST -32,
    MUL(
     TEMP ReturnArray.foo.1.1.i,
     CONST 8))), 
  CONST 0, 8),
 TEMP ReturnArray.foo.1.1.i)
MOVE(
 TEMP t.2,
 ADD(
  TEMP t.2,
  TEMP t.4))
JUMP(
 NAME L.4)
LABEL L.4
BLE(
 TEMP t.2,
 TEMP t.3,
 L.3, L.5)
LABEL L.5
MOVE(
 TEMP t.5,
 MEM(
  TEMP %rbp, 
  CONST -8, 8))
EXP(
 CALL(
  NAME memmove,
  CONST 0,
  TEMP t.5,
  ADD(
   TEMP %rbp,
   CONST -32),
  CONST 24))
MOVE(
 TEMP %rax,
 TEMP t.5)
JUMP(
 NAME L.0)
LABEL L.0
# Trace Scheduled:
LABEL L.10
MOVE(
 TEMP t.1,
 CONST 3)
MOVE(
 TEMP t.0,
 CONST 0)
BGE(
 TEMP t.0,
 TEMP t.1,
 L.2, L.1)
LABEL L.1
MOVE(
 MEM(
  ADD(
   TEMP %rbp,
   MUL(
    TEMP t.0,
    CONST 8)), 
  CONST -32, 8),
 CONST 0)
MOVE(
 TEMP t.0,
 ADD(
  TEMP t.0,
  CONST 1))
BLT(
 TEMP t.0,
 TEMP t.1,
 L.1, L.2)
LABEL L.2
MOVE(
 TEMP t.2,
 CONST 0)
MOVE(
 TEMP t.3,
 CONST 2)
MOVE(
 TEMP t.4,
 CONST 1)
LABEL L.3
MOVE(
 TEMP ReturnArray.foo.1.1.i,
 TEMP t.2)
MOVE(
 MEM(
  ADD(
   TEMP %rbp,
   ADD(
    CONST -32,
    MUL(
     TEMP ReturnArray.foo.1.1.i,
     CONST 8))), 
  CONST 0, 8),
 TEMP ReturnArray.foo.1.1.i)
MOVE(
 TEMP t.2,
 ADD(
  TEMP t.2,
  TEMP t.4))
LABEL L.4
BLE(
 TEMP t.2,
 TEMP t.3,
 L.3, L.5)
LABEL L.5
MOVE(
 TEMP t.5,
 MEM(
  TEMP %rbp, 
  CONST -8, 8))
EXP(
 CALL(
  NAME memmove,
  CONST 0,
  TEMP t.5,
  ADD(
   TEMP %rbp,
   CONST -32),
  CONST 24))
MOVE(
 TEMP %rax,
 TEMP t.5)
LABEL L.0
# With procedure entry/exit:
MOVE(
 MEM(
  TEMP %rbp, 
  CONST -8, 8),
 TEMP %rdi)
LABEL L.10
MOVE(
 TEMP t.1,
 CONST 3)
MOVE(
 TEMP t.0,
 CONST 0)
BGE(
 TEMP t.0,
 TEMP t.1,
 L.2, L.1)
LABEL L.1
MOVE(
 MEM(
  ADD(
   TEMP %rbp,
   MUL(
    TEMP t.0,
    CONST 8)), 
  CONST -32, 8),
 CONST 0)
MOVE(
 TEMP t.0,
 ADD(
  TEMP t.0,
  CONST 1))
BLT(
 TEMP t.0,
 TEMP t.1,
 L.1, L.2)
LABEL L.2
MOVE(
 TEMP t.2,
 CONST 0)
MOVE(
 TEMP t.3,
 CONST 2)
MOVE(
 TEMP t.4,
 CONST 1)
LABEL L.3
MOVE(
 TEMP ReturnArray.foo.1.1.i,
 TEMP t.2)
MOVE(
 MEM(
  ADD(
   TEMP %rbp,
   ADD(
    CONST -32,
    MUL(
     TEMP ReturnArray.foo.1.1.i,
     CONST 8))), 
  CONST 0, 8),
 TEMP ReturnArray.foo.1.1.i)
MOVE(
 TEMP t.2,
 ADD(
  TEMP t.2,
  TEMP t.4))
LABEL L.4
BLE(
 TEMP t.2,
 TEMP t.3,
 L.3, L.5)
LABEL L.5
MOVE(
 TEMP t.5,
 MEM(
  TEMP %rbp, 
  CONST -8, 8))
EXP(
 CALL(
  NAME memmove,
  CONST 0,
  TEMP t.5,
  ADD(
   TEMP %rbp,
   CONST -32),
  CONST 24))
MOVE(
 TEMP %rax,
 TEMP t.5)
LABEL L.0
# Instructions:
	movq %rdi,-8(%rbp)	# <- %rdi %rbp 
L.10:	# <- 
	movq $3,t.1	# t.1 <- 
	xorq t.0,t.0	# t.0 <- 
	cmpq t.1,t.0	# <- t.0 t.1 
	jge L.2	# <- : goto L.2 L.1 
L.1:	# <- 
	movq %rbp,t.6	# t.6 := %rbp 
	movq t.0,t.7	# t.7 := t.0 
	shlq $3,t.7	# t.7 <- t.7 
	addq t.7,t.6	# t.6 <- t.7 t.6 
	movq $0,-32(t.6)	# <- t.6 
	movq t.0,t.8	# t.8 := t.0 
	addq $1,t.8	# t.8 <- t.8 
	movq t.8,t.0	# t.0 := t.8 
	cmpq t.1,t.0	# <- t.0 t.1 
	jl L.1	# <- : goto L.1 L.2 
L.2:	# <- 
	xorq t.2,t.2	# t.2 <- 
	movq $2,t.3	# t.3 <- 
	movq $1,t.4	# t.4 <- 
L.3:	# <- 
	movq t.2,ReturnArray.foo.1.1.i	# ReturnArray.foo.1.1.i := t.2 
	movq %rbp,t.9	# t.9 := %rbp 
	movq ReturnArray.foo.1.1.i,t.11	# t.11 := ReturnArray.foo.1.1.i 
	shlq $3,t.11	# t.11 <- t.11 
	movq t.11,t.10	# t.10 := t.11 
	addq $-32,t.10	# t.10 <- t.10 
	addq t.10,t.9	# t.9 <- t.10 t.9 
	movq ReturnArray.foo.1.1.i,0(t.9)	# <- ReturnArray.foo.1.1.i t.9 
	movq t.2,t.12	# t.12 := t.2 
	addq t.4,t.12	# t.12 <- t.4 t.12 
	movq t.12,t.2	# t.2 := t.12 
L.4:	# <- 
	cmpq t.3,t.2	# <- t.2 t.3 
	jle L.3	# <- : goto L.3 L.5 
L.5:	# <- 
	movq -8(%rbp),t.13	# t.13 <- %rbp 
	movq t.13,t.5	# t.5 := t.13 
	movq t.5,%rdi	# %rdi := t.5 
	movq %rbp,t.14	# t.14 := %rbp 
	addq $-32,t.14	# t.14 <- t.14 
	movq t.14,%rsi	# %rsi := t.14 
	movabsq $24,t.15	# t.15 <- 
	movq t.15,%rdx	# %rdx := t.15 
	call memmove	# %rdi %rsi %rdx %rcx %r8 %r9 %rax %r10 %r11 <- %rdi %rsi %rdx 
	movq t.5,%rax	# %rax := t.5 
L.0:	# <- 
# Control Flow Graph:
0: <- %rdi %rbp ; goto 1 
1: t.1 t.0 <- ; goto 3 2 
2: t.6 t.7 t.8 t.0 <- %rbp t.0 t.1 ; goto 2 3 
3: t.2 t.3 t.4 <- ; goto 4 
4: ReturnArray.foo.1.1.i t.9 t.11 t.10 t.12 t.2 <- t.2 %rbp t.4 ; goto 5 
5: <- t.2 t.3 ; goto 4 6 
6: t.13 t.5 %rdi t.14 %rsi t.15 %rdx %rcx %r8 %r9 %rax %r10 %r11 <- %rbp ; goto 7 
7: <- %rsp %rbp %rax ; goto 
# Interference Graph:
%rax: 
%rbx: 
%rcx: 
%rdx: 
%rsp: 
%rbp: 
%rsi: 
%rdi: 
%r8: 
%r9: 
%r10: 
%r11: 
%r12: 
%r13: 
%r14: 
%r15: 
t.1: t.0 %rbp %rsp t.8 t.6 t.7 
t.0: %rbp %rsp t.1 t.6 t.7 
t.6: %rbp t.1 %rsp t.0 t.7 
t.7: %rbp t.1 %rsp t.0 t.6 
t.8: %rbp t.1 %rsp 
t.2: t.4 t.3 %rbp %rsp t.9 t.10 t.11 
t.3: t.4 t.2 %rbp %rsp t.12 t.9 t.10 t.11 ReturnArray.foo.1.1.i 
t.4: t.2 %rbp t.3 %rsp t.12 t.9 t.10 t.11 ReturnArray.foo.1.1.i 
ReturnArray.foo.1.1.i: t.9 t.10 t.11 t.3 %rbp t.4 %rsp 
t.9: t.3 %rbp t.4 %rsp t.2 ReturnArray.foo.1.1.i t.10 t.11 
t.11: t.3 %rbp t.4 %rsp t.2 ReturnArray.foo.1.1.i t.9 
t.10: t.3 %rbp t.4 %rsp t.2 ReturnArray.foo.1.1.i t.9 
t.12: t.3 %rbp t.4 %rsp 
t.13: %rsp %rbp 
t.5: %rdi %rsi %rdx %rcx %r8 %r9 %rax %r10 %r11 t.15 t.14 %rsp %rbp 
t.14: %rsp %rbp t.5 %rdi 
t.15: %rsp %rbp t.5 %rdi %rsi 
t.5 <= t.13
%rdi <= t.5
t.14 <= %rbp
%rsi <= t.14
%rdx <= t.15
%rax <= t.5
ReturnArray.foo.1.1.i <= t.2
t.9 <= %rbp
t.11 <= ReturnArray.foo.1.1.i
t.10 <= t.11
t.12 <= t.2
t.2 <= t.12
t.6 <= %rbp
t.7 <= t.0
t.8 <= t.0
t.0 <= t.8
# Register Allocation:
%rax->%rax
%rbx->%rbx
%rcx->%rcx
%rdx->%rdx
%rsp->%rsp
%rbp->%rbp
%rsi->%rsi
%rdi->%rdi
%r8->%r8
%r9->%r9
%r10->%r10
%r11->%r11
%r12->%r12
%r13->%r13
%r14->%r14
%r15->%r15
t.1->%rdx
t.0->%rax
t.6->%rcx
t.7->%rbx
t.8->%rax
t.2->%rax
t.3->%rsi
t.4->%rdx
ReturnArray.foo.1.1.i->%rax
t.9->%rcx
t.11->%rbx
t.10->%rbx
t.12->%rax
t.13->%rbx
t.5->%rbx
t.14->%rsi
t.15->%rdx
# Assembly code:
	.text
ReturnArray.foo:
	pushq %rbp
	movq %rsp,%rbp
	subq $48,%rsp
	movq %rbx, -40(%rbp)
	movq %rdi,-8(%rbp)
L.10:
	movq $3,%rdx
	xorq %rax,%rax
	cmpq %rdx,%rax
	jge L.2
L.1:
	movq %rbp,%rcx
	movq %rax,%rbx
	shlq $3,%rbx
	addq %rbx,%rcx
	movq $0,-32(%rcx)
#	movq %rax,%rax
	addq $1,%rax
#	movq %rax,%rax
	cmpq %rdx,%rax
	jl L.1
L.2:
	xorq %rax,%rax
	movq $2,%rsi
	movq $1,%rdx
L.3:
#	movq %rax,%rax
	movq %rbp,%rcx
	movq %rax,%rbx
	shlq $3,%rbx
#	movq %rbx,%rbx
	addq $-32,%rbx
	addq %rbx,%rcx
	movq %rax,0(%rcx)
#	movq %rax,%rax
	addq %rdx,%rax
#	movq %rax,%rax
L.4:
	cmpq %rsi,%rax
	jle L.3
L.5:
	movq -8(%rbp),%rbx
#	movq %rbx,%rbx
	movq %rbx,%rdi
	movq %rbp,%rsi
	addq $-32,%rsi
#	movq %rsi,%rsi
	movabsq $24,%rdx
#	movq %rdx,%rdx
	call memmove
	movq %rbx,%rax
L.0:
#	returnSink
	movq -40(%rbp),%rbx
	addq $48,%rsp
	popq %rbp
	ret
L.6:
	call badSub
END ReturnArray.foo
PROCEDURE ReturnArray
# Before canonicalization (trees):
EXP(
 CALL(
  NAME memmove,
  CONST 0,
  ADD(
   TEMP %rbp,
   CONST -24),
  CALL(
   NAME ReturnArray.foo,
   CONST 0,
   ADD(
    TEMP %rbp,
    CONST -48)),
  CONST 24)),
EXP(
 CALL(
  NAME putchar,
  CONST 0,
  ADD(
   CONST 48,
   MEM(
    TEMP %rbp, 
    CONST -24, 8)))),
EXP(
 CALL(
  NAME putchar,
  CONST 0,
  CONST 10)),
EXP(
 CALL(
  NAME putchar,
  CONST 0,
  ADD(
   CONST 48,
   MEM(
    TEMP %rbp, 
    CONST -16, 8)))),
EXP(
 CALL(
  NAME putchar,
  CONST 0,
  CONST 10)),
EXP(
 CALL(
  NAME putchar,
  CONST 0,
  ADD(
   CONST 48,
   MEM(
    TEMP %rbp, 
    CONST -8, 8)))),
EXP(
 CALL(
  NAME putchar,
  CONST 0,
  CONST 10))
# After canonicalization (trees):
MOVE(
 TEMP t.16,
 CALL(
  NAME ReturnArray.foo,
  CONST 0,
  ADD(
   TEMP %rbp,
   CONST -48)))
EXP(
 CALL(
  NAME memmove,
  CONST 0,
  ADD(
   TEMP %rbp,
   CONST -24),
  TEMP t.16,
  CONST 24))
EXP(
 CALL(
  NAME putchar,
  CONST 0,
  ADD(
   CONST 48,
   MEM(
    TEMP %rbp, 
    CONST -24, 8))))
EXP(
 CALL(
  NAME putchar,
  CONST 0,
  CONST 10))
EXP(
 CALL(
  NAME putchar,
  CONST 0,
  ADD(
   CONST 48,
   MEM(
    TEMP %rbp, 
    CONST -16, 8))))
EXP(
 CALL(
  NAME putchar,
  CONST 0,
  CONST 10))
EXP(
 CALL(
  NAME putchar,
  CONST 0,
  ADD(
   CONST 48,
   MEM(
    TEMP %rbp, 
    CONST -8, 8))))
EXP(
 CALL(
  NAME putchar,
  CONST 0,
  CONST 10))
# Basic Blocks:
LABEL L.11
MOVE(
 TEMP t.16,
 CALL(
  NAME ReturnArray.foo,
  CONST 0,
  ADD(
   TEMP %rbp,
   CONST -48)))
EXP(
 CALL(
  NAME memmove,
  CONST 0,
  ADD(
   TEMP %rbp,
   CONST -24),
  TEMP t.16,
  CONST 24))
EXP(
 CALL(
  NAME putchar,
  CONST 0,
  ADD(
   CONST 48,
   MEM(
    TEMP %rbp, 
    CONST -24, 8))))
EXP(
 CALL(
  NAME putchar,
  CONST 0,
  CONST 10))
EXP(
 CALL(
  NAME putchar,
  CONST 0,
  ADD(
   CONST 48,
   MEM(
    TEMP %rbp, 
    CONST -16, 8))))
EXP(
 CALL(
  NAME putchar,
  CONST 0,
  CONST 10))
EXP(
 CALL(
  NAME putchar,
  CONST 0,
  ADD(
   CONST 48,
   MEM(
    TEMP %rbp, 
    CONST -8, 8))))
EXP(
 CALL(
  NAME putchar,
  CONST 0,
  CONST 10))
# Trace Scheduled:
LABEL L.11
MOVE(
 TEMP t.16,
 CALL(
  NAME ReturnArray.foo,
  CONST 0,
  ADD(
   TEMP %rbp,
   CONST -48)))
EXP(
 CALL(
  NAME memmove,
  CONST 0,
  ADD(
   TEMP %rbp,
   CONST -24),
  TEMP t.16,
  CONST 24))
EXP(
 CALL(
  NAME putchar,
  CONST 0,
  ADD(
   CONST 48,
   MEM(
    TEMP %rbp, 
    CONST -24, 8))))
EXP(
 CALL(
  NAME putchar,
  CONST 0,
  CONST 10))
EXP(
 CALL(
  NAME putchar,
  CONST 0,
  ADD(
   CONST 48,
   MEM(
    TEMP %rbp, 
    CONST -16, 8))))
EXP(
 CALL(
  NAME putchar,
  CONST 0,
  CONST 10))
EXP(
 CALL(
  NAME putchar,
  CONST 0,
  ADD(
   CONST 48,
   MEM(
    TEMP %rbp, 
    CONST -8, 8))))
EXP(
 CALL(
  NAME putchar,
  CONST 0,
  CONST 10))
# With procedure entry/exit:
LABEL L.11
MOVE(
 TEMP t.16,
 CALL(
  NAME ReturnArray.foo,
  CONST 0,
  ADD(
   TEMP %rbp,
   CONST -48)))
EXP(
 CALL(
  NAME memmove,
  CONST 0,
  ADD(
   TEMP %rbp,
   CONST -24),
  TEMP t.16,
  CONST 24))
EXP(
 CALL(
  NAME putchar,
  CONST 0,
  ADD(
   CONST 48,
   MEM(
    TEMP %rbp, 
    CONST -24, 8))))
EXP(
 CALL(
  NAME putchar,
  CONST 0,
  CONST 10))
EXP(
 CALL(
  NAME putchar,
  CONST 0,
  ADD(
   CONST 48,
   MEM(
    TEMP %rbp, 
    CONST -16, 8))))
EXP(
 CALL(
  NAME putchar,
  CONST 0,
  CONST 10))
EXP(
 CALL(
  NAME putchar,
  CONST 0,
  ADD(
   CONST 48,
   MEM(
    TEMP %rbp, 
    CONST -8, 8))))
EXP(
 CALL(
  NAME putchar,
  CONST 0,
  CONST 10))
# Instructions:
L.11:	# <- 
	movq %rbp,t.17	# t.17 := %rbp 
	addq $-48,t.17	# t.17 <- t.17 
	movq t.17,%rdi	# %rdi := t.17 
	call ReturnArray.foo	# %rdi %rsi %rdx %rcx %r8 %r9 %rax %r10 %r11 <- %rdi 
	movq %rax,t.16	# t.16 := %rax 
	movq %rbp,t.18	# t.18 := %rbp 
	addq $-24,t.18	# t.18 <- t.18 
	movq t.18,%rdi	# %rdi := t.18 
	movq t.16,%rsi	# %rsi := t.16 
	movabsq $24,t.19	# t.19 <- 
	movq t.19,%rdx	# %rdx := t.19 
	call memmove	# %rdi %rsi %rdx %rcx %r8 %r9 %rax %r10 %r11 <- %rdi %rsi %rdx 
	movq -24(%rbp),t.21	# t.21 <- %rbp 
	movq t.21,t.20	# t.20 := t.21 
	addq $48,t.20	# t.20 <- t.20 
	movq t.20,%rdi	# %rdi := t.20 
	call putchar	# %rdi %rsi %rdx %rcx %r8 %r9 %rax %r10 %r11 <- %rdi 
	movabsq $10,t.22	# t.22 <- 
	movq t.22,%rdi	# %rdi := t.22 
	call putchar	# %rdi %rsi %rdx %rcx %r8 %r9 %rax %r10 %r11 <- %rdi 
	movq -16(%rbp),t.24	# t.24 <- %rbp 
	movq t.24,t.23	# t.23 := t.24 
	addq $48,t.23	# t.23 <- t.23 
	movq t.23,%rdi	# %rdi := t.23 
	call putchar	# %rdi %rsi %rdx %rcx %r8 %r9 %rax %r10 %r11 <- %rdi 
	movabsq $10,t.25	# t.25 <- 
	movq t.25,%rdi	# %rdi := t.25 
	call putchar	# %rdi %rsi %rdx %rcx %r8 %r9 %rax %r10 %r11 <- %rdi 
	movq -8(%rbp),t.27	# t.27 <- %rbp 
	movq t.27,t.26	# t.26 := t.27 
	addq $48,t.26	# t.26 <- t.26 
	movq t.26,%rdi	# %rdi := t.26 
	call putchar	# %rdi %rsi %rdx %rcx %r8 %r9 %rax %r10 %r11 <- %rdi 
	movabsq $10,t.28	# t.28 <- 
	movq t.28,%rdi	# %rdi := t.28 
	call putchar	# %rdi %rsi %rdx %rcx %r8 %r9 %rax %r10 %r11 <- %rdi 
# Control Flow Graph:
0: t.17 %rdi %rsi %rdx %rcx %r8 %r9 %rax %r10 %r11 t.16 t.18 t.19 t.21 t.20 t.22 t.24 t.23 t.25 t.27 t.26 t.28 <- %rbp %rsp ; goto 
# Interference Graph:
%rax: 
%rbx: 
%rcx: 
%rdx: 
%rsp: 
%rbp: 
%rsi: 
%rdi: 
%r8: 
%r9: 
%r10: 
%r11: 
%r12: 
%r13: 
%r14: 
%r15: 
t.17: %rsp %rbp 
t.16: %rdi t.18 %rsp %rbp 
t.18: %rsp %rbp t.16 
t.19: %rsp %rbp %rdi %rsi 
t.21: %rsp %rbp 
t.20: %rsp %rbp 
t.22: %rsp %rbp 
t.24: %rsp %rbp 
t.23: %rsp %rbp 
t.25: %rsp %rbp 
t.27: %rsp %rbp 
t.26: %rsp %rbp 
t.28: %rsp %rbp 
t.17 <= %rbp
%rdi <= t.17
t.16 <= %rax
t.18 <= %rbp
%rdi <= t.18
%rsi <= t.16
%rdx <= t.19
t.20 <= t.21
%rdi <= t.20
%rdi <= t.22
t.23 <= t.24
%rdi <= t.23
%rdi <= t.25
t.26 <= t.27
%rdi <= t.26
%rdi <= t.28
# Register Allocation:
%rax->%rax
%rbx->%rbx
%rcx->%rcx
%rdx->%rdx
%rsp->%rsp
%rbp->%rbp
%rsi->%rsi
%rdi->%rdi
%r8->%r8
%r9->%r9
%r10->%r10
%r11->%r11
%r12->%r12
%r13->%r13
%r14->%r14
%r15->%r15
t.17->%rdi
t.16->%rax
t.18->%rdi
t.19->%rdx
t.21->%rdi
t.20->%rdi
t.22->%rdi
t.24->%rdi
t.23->%rdi
t.25->%rdi
t.27->%rdi
t.26->%rdi
t.28->%rdi
# Assembly code:
	.text
ReturnArray:
	pushq %rbp
	movq %rsp,%rbp
	subq $48,%rsp
L.11:
	movq %rbp,%rdi
	addq $-48,%rdi
#	movq %rdi,%rdi
	call ReturnArray.foo
#	movq %rax,%rax
	movq %rbp,%rdi
	addq $-24,%rdi
#	movq %rdi,%rdi
	movq %rax,%rsi
	movabsq $24,%rdx
#	movq %rdx,%rdx
	call memmove
	movq -24(%rbp),%rdi
#	movq %rdi,%rdi
	addq $48,%rdi
#	movq %rdi,%rdi
	call putchar
	movabsq $10,%rdi
#	movq %rdi,%rdi
	call putchar
	movq -16(%rbp),%rdi
#	movq %rdi,%rdi
	addq $48,%rdi
#	movq %rdi,%rdi
	call putchar
	movabsq $10,%rdi
#	movq %rdi,%rdi
	call putchar
	movq -8(%rbp),%rdi
#	movq %rdi,%rdi
	addq $48,%rdi
#	movq %rdi,%rdi
	call putchar
	movabsq $10,%rdi
#	movq %rdi,%rdi
	call putchar
#	returnSink
	addq $48,%rsp
	popq %rbp
	ret
L.7:
	call badSub
END ReturnArray
PROCEDURE main
# Before canonicalization (trees):
EXP(
 CALL(
  NAME ReturnArray,
  CONST 0))
# After canonicalization (trees):
EXP(
 CALL(
  NAME ReturnArray,
  CONST 0))
# Basic Blocks:
LABEL L.12
EXP(
 CALL(
  NAME ReturnArray,
  CONST 0))
# Trace Scheduled:
LABEL L.12
EXP(
 CALL(
  NAME ReturnArray,
  CONST 0))
# With procedure entry/exit:
LABEL L.12
EXP(
 CALL(
  NAME ReturnArray,
  CONST 0))
# Instructions:
L.12:	# <- 
	call ReturnArray	# %rdi %rsi %rdx %rcx %r8 %r9 %rax %r10 %r11 <- 
# Control Flow Graph:
0: %rdi %rsi %rdx %rcx %r8 %r9 %rax %r10 %r11 <- %rsp %rbp ; goto 
# Interference Graph:
%rax: 
%rbx: 
%rcx: 
%rdx: 
%rsp: 
%rbp: 
%rsi: 
%rdi: 
%r8: 
%r9: 
%r10: 
%r11: 
%r12: 
%r13: 
%r14: 
%r15: 
# Register Allocation:
%rax->%rax
%rbx->%rbx
%rcx->%rcx
%rdx->%rdx
%rsp->%rsp
%rbp->%rbp
%rsi->%rsi
%rdi->%rdi
%r8->%r8
%r9->%r9
%r10->%r10
%r11->%r11
%r12->%r12
%r13->%r13
%r14->%r14
%r15->%r15
# Assembly code:
	.globl main
	.text
main:
	pushq %rbp
	movq %rsp,%rbp
L.12:
	call ReturnArray
#	returnSink
	popq %rbp
	ret
END main
	.data
	.balign 8
L.8:	.asciz	"Attempt to use a null pointer"
PROCEDURE badPtr
# Before canonicalization (trees):
EXP(
 CALL(
  NAME puts,
  CONST 0,
  NAME L.8)),
EXP(
 CALL(
  NAME exit,
  CONST 0,
  CONST 1))
# After canonicalization (trees):
EXP(
 CALL(
  NAME puts,
  CONST 0,
  NAME L.8))
EXP(
 CALL(
  NAME exit,
  CONST 0,
  CONST 1))
# Basic Blocks:
LABEL L.13
EXP(
 CALL(
  NAME puts,
  CONST 0,
  NAME L.8))
EXP(
 CALL(
  NAME exit,
  CONST 0,
  CONST 1))
# Trace Scheduled:
LABEL L.13
EXP(
 CALL(
  NAME puts,
  CONST 0,
  NAME L.8))
EXP(
 CALL(
  NAME exit,
  CONST 0,
  CONST 1))
# With procedure entry/exit:
LABEL L.13
EXP(
 CALL(
  NAME puts,
  CONST 0,
  NAME L.8))
EXP(
 CALL(
  NAME exit,
  CONST 0,
  CONST 1))
# Instructions:
L.13:	# <- 
	leaq L.8(%rip),t.29	# t.29 <- 
	movq t.29,%rdi	# %rdi := t.29 
	call puts	# %rdi %rsi %rdx %rcx %r8 %r9 %rax %r10 %r11 <- %rdi 
	movabsq $1,t.30	# t.30 <- 
	movq t.30,%rdi	# %rdi := t.30 
	call exit	# %rdi %rsi %rdx %rcx %r8 %r9 %rax %r10 %r11 <- %rdi 
# Control Flow Graph:
0: t.29 %rdi %rsi %rdx %rcx %r8 %r9 %rax %r10 %r11 t.30 <- %rsp %rbp ; goto 
# Interference Graph:
%rax: 
%rbx: 
%rcx: 
%rdx: 
%rsp: 
%rbp: 
%rsi: 
%rdi: 
%r8: 
%r9: 
%r10: 
%r11: 
%r12: 
%r13: 
%r14: 
%r15: 
t.29: %rsp %rbp 
t.30: %rsp %rbp 
%rdi <= t.29
%rdi <= t.30
# Register Allocation:
%rax->%rax
%rbx->%rbx
%rcx->%rcx
%rdx->%rdx
%rsp->%rsp
%rbp->%rbp
%rsi->%rsi
%rdi->%rdi
%r8->%r8
%r9->%r9
%r10->%r10
%r11->%r11
%r12->%r12
%r13->%r13
%r14->%r14
%r15->%r15
t.29->%rdi
t.30->%rdi
# Assembly code:
	.text
badPtr:
	pushq %rbp
	movq %rsp,%rbp
L.13:
	leaq L.8(%rip),%rdi
#	movq %rdi,%rdi
	call puts
	movabsq $1,%rdi
#	movq %rdi,%rdi
	call exit
#	returnSink
	popq %rbp
	ret
END badPtr
	.data
	.balign 8
L.9:	.asciz	"Subscript out of bounds"
PROCEDURE badSub
# Before canonicalization (trees):
EXP(
 CALL(
  NAME puts,
  CONST 0,
  NAME L.9)),
EXP(
 CALL(
  NAME exit,
  CONST 0,
  CONST 1))
# After canonicalization (trees):
EXP(
 CALL(
  NAME puts,
  CONST 0,
  NAME L.9))
EXP(
 CALL(
  NAME exit,
  CONST 0,
  CONST 1))
# Basic Blocks:
LABEL L.14
EXP(
 CALL(
  NAME puts,
  CONST 0,
  NAME L.9))
EXP(
 CALL(
  NAME exit,
  CONST 0,
  CONST 1))
# Trace Scheduled:
LABEL L.14
EXP(
 CALL(
  NAME puts,
  CONST 0,
  NAME L.9))
EXP(
 CALL(
  NAME exit,
  CONST 0,
  CONST 1))
# With procedure entry/exit:
LABEL L.14
EXP(
 CALL(
  NAME puts,
  CONST 0,
  NAME L.9))
EXP(
 CALL(
  NAME exit,
  CONST 0,
  CONST 1))
# Instructions:
L.14:	# <- 
	leaq L.9(%rip),t.31	# t.31 <- 
	movq t.31,%rdi	# %rdi := t.31 
	call puts	# %rdi %rsi %rdx %rcx %r8 %r9 %rax %r10 %r11 <- %rdi 
	movabsq $1,t.32	# t.32 <- 
	movq t.32,%rdi	# %rdi := t.32 
	call exit	# %rdi %rsi %rdx %rcx %r8 %r9 %rax %r10 %r11 <- %rdi 
# Control Flow Graph:
0: t.31 %rdi %rsi %rdx %rcx %r8 %r9 %rax %r10 %r11 t.32 <- %rsp %rbp ; goto 
# Interference Graph:
%rax: 
%rbx: 
%rcx: 
%rdx: 
%rsp: 
%rbp: 
%rsi: 
%rdi: 
%r8: 
%r9: 
%r10: 
%r11: 
%r12: 
%r13: 
%r14: 
%r15: 
t.31: %rsp %rbp 
t.32: %rsp %rbp 
%rdi <= t.31
%rdi <= t.32
# Register Allocation:
%rax->%rax
%rbx->%rbx
%rcx->%rcx
%rdx->%rdx
%rsp->%rsp
%rbp->%rbp
%rsi->%rsi
%rdi->%rdi
%r8->%r8
%r9->%r9
%r10->%r10
%r11->%r11
%r12->%r12
%r13->%r13
%r14->%r14
%r15->%r15
t.31->%rdi
t.32->%rdi
# Assembly code:
	.text
badSub:
	pushq %rbp
	movq %rsp,%rbp
L.14:
	leaq L.9(%rip),%rdi
#	movq %rdi,%rdi
	call puts
	movabsq $1,%rdi
#	movq %rdi,%rdi
	call exit
#	returnSink
	popq %rbp
	ret
END badSub
