	.text
Compare.LT:
MOVE(
 TEMP %rax,
 ESEQ(
  MOVE(
   TEMP t.0,
   CONST 0),
  BLT(
   TEMP Compare.LT.x,
   TEMP Compare.LT.y,
   L.1, L.2),
  LABEL L.1,
  MOVE(
   TEMP t.0,
   CONST 1),
  LABEL L.2,
  TEMP t.0)),
JUMP(
 NAME L.0),
LABEL L.0


	.text
Compare.LE:
MOVE(
 TEMP %rax,
 ESEQ(
  MOVE(
   TEMP t.1,
   CONST 0),
  BLE(
   TEMP Compare.LE.x,
   TEMP Compare.LE.y,
   L.4, L.5),
  LABEL L.4,
  MOVE(
   TEMP t.1,
   CONST 1),
  LABEL L.5,
  TEMP t.1)),
JUMP(
 NAME L.3),
LABEL L.3


	.text
Compare.GT:
MOVE(
 TEMP %rax,
 ESEQ(
  MOVE(
   TEMP t.2,
   CONST 0),
  BGT(
   TEMP Compare.GT.x,
   TEMP Compare.GT.y,
   L.7, L.8),
  LABEL L.7,
  MOVE(
   TEMP t.2,
   CONST 1),
  LABEL L.8,
  TEMP t.2)),
JUMP(
 NAME L.6),
LABEL L.6


	.text
Compare.GE:
MOVE(
 TEMP %rax,
 ESEQ(
  MOVE(
   TEMP t.3,
   CONST 0),
  BGE(
   TEMP Compare.GE.x,
   TEMP Compare.GE.y,
   L.10, L.11),
  LABEL L.10,
  MOVE(
   TEMP t.3,
   CONST 1),
  LABEL L.11,
  TEMP t.3)),
JUMP(
 NAME L.9),
LABEL L.9


	.text
Compare:

