	.text
Loop:
MOVE(
 TEMP Loop.1.x,
 CONST 0),
JUMP(
 NAME L.1),
LABEL L.2,
MOVE(
 TEMP Loop.1.x,
 ADD(
  TEMP Loop.1.x,
  CONST 1)),
BEQ(
 TEMP Loop.1.x,
 CONST 42,
 L.4, L.5),
LABEL L.4,
JUMP(
 NAME L.3),
LABEL L.5,
LABEL L.1,
BLT(
 TEMP Loop.1.x,
 CONST 100,
 L.2, L.3),
LABEL L.3


