	.data
	.balign 8
NullVariable.v:
	.quad 0
	.text
NullVariable:

