BEGIN _BUILTIN
_BUILTIN.int=int
_BUILTIN.bool=bool
_BUILTIN.false:bool=false
_BUILTIN.true:bool=true
_BUILTIN.Null=^null
_BUILTIN.nil:Null=0
_BUILTIN.Refany=^null
_BUILTIN.Address=^null
_BUILTIN.Root=null
object {
}
_BUILTIN.Text=^null
_BUILTIN.First:(...)
_BUILTIN.Last:(...)
_BUILTIN.New:(...)
_BUILTIN.Number:(...)
BEGIN BadDiv
BEGIN BadDiv.1
BadDiv.1.v:int
END BadDiv.1
END BadDiv
END _BUILTIN
