BEGIN _BUILTIN
_BUILTIN.int=int
_BUILTIN.bool=bool
_BUILTIN.false:bool=false
_BUILTIN.true:bool=true
_BUILTIN.Null=^null
_BUILTIN.nil:Null=0
_BUILTIN.Refany=^null
_BUILTIN.Address=^null
_BUILTIN.Root=null
object {
}
_BUILTIN.Text=^null
_BUILTIN.First:(...)
_BUILTIN.Last:(...)
_BUILTIN.New:(...)
_BUILTIN.Number:(...)
BEGIN ProcConst
ProcConst.foo:()=ProcConst.Foo:()
ProcConst.Foo:()
BEGIN ProcConst.Foo
END ProcConst.Foo
BEGIN ProcConst.3
ProcConst.3.bar:()=ProcConst.3.Bar:()
ProcConst.3.Bar:()
BEGIN ProcConst.3.Bar
END ProcConst.3.Bar
END ProcConst.3
END ProcConst
END _BUILTIN
