BEGIN _BUILTIN
_BUILTIN.int=int
_BUILTIN.bool=bool
_BUILTIN.false:bool=false
_BUILTIN.true:bool=true
_BUILTIN.Null=^null
_BUILTIN.nil:Null=0
_BUILTIN.Refany=^null
_BUILTIN.Address=^null
_BUILTIN.Root=null
object {
}
_BUILTIN.Text=^null
_BUILTIN.First:(...)
_BUILTIN.Last:(...)
_BUILTIN.New:(...)
_BUILTIN.Number:(...)
BEGIN RecordTypeTooLarge
RecordTypeTooLarge.R=
struct {
0: a:[4095][65535]int
1073463300: b:[4095][65535]int
2146926600: c:[4095][65535]int
-1074577396: d:[4095][65535]int
-1114096: e:[4095][65535]int
1072349204: f:[4095][65535]int
}
END RecordTypeTooLarge
END _BUILTIN
